// Jest Snapshot v1, https://goo.gl/fbAQLP

exports[`Root Component Test Check Root Component render 1`] = `ShallowWrapper {}`;
